// Jest Snapshot v1, https://goo.gl/fbAQLP

exports[`renders correctly a Button type size 1`] = `
<button
  onClick={[Function]}
  style={
    Object {
      "backgroundColor": "#FFFFFF",
      "border": "3px solid orange",
      "borderRadius": 3,
      "cursor": "pointer",
      "fontSize": 15,
      "margin": 10,
      "padding": "3px 10px",
    }
  }
>
  42
</button>
`;
